rahadian@rahadian-X456UR:~/rumus-matematika$ git add .
rahadian@rahadian-X456UR:~/rumus-matematika$ git commit -m "Add Luas Tabung"
[main ec843ef] Add Luas Tabung
 1 file changed, 5 insertions(+)
rahadian@rahadian-X456UR:~/rumus-matematika$ git remote -v
origin  git@github.com:novicefrontendev/rumus-matematika.git (fetch)
origin  git@github.com:novicefrontendev/rumus-matematika.git (push)
rahadian@rahadian-X456UR:~/rumus-matematika$ git push origin
Enumerating objects: 5, done.
Counting objects: 100% (5/5), done.
Delta compression using up to 4 threads
Compressing objects: 100% (3/3), done.
Writing objects: 100% (3/3), 354 bytes | 118.00 KiB/s, done.
Total 3 (delta 1), reused 0 (delta 0)
remote: Resolving deltas: 100% (1/1), completed with 1 local object.
To github.com:novicefrontendev/rumus-matematika.git
   bd64daa..ec843ef  main -> main
rahadian@rahadian-X456UR:~/rumus-matematika$ git remote -v
origin  git@github.com:novicefrontendev/rumus-matematika.git (fetch)
origin  git@github.com:novicefrontendev/rumus-matematika.git (push)
rahadian@rahadian-X456UR:~/rumus-matematika$ git checkout -b development
Switched to a new branch 'development'
rahadian@rahadian-X456UR:~/rumus-matematika$ git branch
* development
  main
rahadian@rahadian-X456UR:~/rumus-matematika$ git push origin development
Total 0 (delta 0), reused 0 (delta 0)
remote: 
remote: Create a pull request for 'development' on GitHub by visiting:
remote:      https://github.com/novicefrontendev/rumus-matematika/pull/new/development
remote: 
To github.com:novicefrontendev/rumus-matematika.git
 * [new branch]      development -> development
rahadian@rahadian-X456UR:~/rumus-matematika$ git branch
* development
  main
rahadian@rahadian-X456UR:~/rumus-matematika$ git checkout -b main
fatal: A branch named 'main' already exists.
rahadian@rahadian-X456UR:~/rumus-matematika$ git checkout main
Switched to branch 'main'
Your branch is up to date with 'origin/main'.
rahadian@rahadian-X456UR:~/rumus-matematika$ git branch
  development
* main
rahadian@rahadian-X456UR:~/rumus-matematika$ git pull upstream main
fatal: 'upstream' does not appear to be a git repository
fatal: Could not read from remote repository.

Please make sure you have the correct access rights
and the repository exists.
rahadian@rahadian-X456UR:~/rumus-matematika$ git remote -v
origin  git@github.com:novicefrontendev/rumus-matematika.git (fetch)
origin  git@github.com:novicefrontendev/rumus-matematika.git (push)
rahadian@rahadian-X456UR:~/rumus-matematika$ git remote add upstream https://github.com/zaentaqin/rumus-matematika.git
rahadian@rahadian-X456UR:~/rumus-matematika$ git remote -v
origin  git@github.com:novicefrontendev/rumus-matematika.git (fetch)
origin  git@github.com:novicefrontendev/rumus-matematika.git (push)
upstream        https://github.com/zaentaqin/rumus-matematika.git (fetch)
upstream        https://github.com/zaentaqin/rumus-matematika.git (push)
rahadian@rahadian-X456UR:~/rumus-matematika$ git pull upstream main
From https://github.com/zaentaqin/rumus-matematika
 * branch            main       -> FETCH_HEAD
 * [new branch]      main       -> upstream/main
Already up to date.
rahadian@rahadian-X456UR:~/rumus-matematika$ git pull upstream main
remote: Enumerating objects: 5, done.
remote: Counting objects: 100% (5/5), done.
remote: Compressing objects: 100% (2/2), done.
remote: Total 3 (delta 1), reused 3 (delta 1), pack-reused 0
Unpacking objects: 100% (3/3), 379 bytes | 379.00 KiB/s, done.
From https://github.com/zaentaqin/rumus-matematika
 * branch            main       -> FETCH_HEAD
   bd64daa..db8afe5  main       -> upstream/main
Auto-merging main.go
CONFLICT (content): Merge conflict in main.go
Automatic merge failed; fix conflicts and then commit the result.
rahadian@rahadian-X456UR:~/rumus-matematika$ git commit -m "Update"
[main 662fa5f] Update
rahadian@rahadian-X456UR:~/rumus-matematika$ git push origin main
Enumerating objects: 7, done.
Counting objects: 100% (7/7), done.
Delta compression using up to 4 threads
Compressing objects: 100% (3/3), done.
Writing objects: 100% (3/3), 386 bytes | 386.00 KiB/s, done.
Total 3 (delta 1), reused 0 (delta 0)
remote: Resolving deltas: 100% (1/1), completed with 1 local object.
To github.com:novicefrontendev/rumus-matematika.git
   ec843ef..662fa5f  main -> main
rahadian@rahadian-X456UR:~/rumus-matematika$ git remote add upstream https://github.com/zaentaqin/rumus-matematika.git

rahadian@rahadian-X456UR:~/rumus-matematika$ git checkout -b development-adli
Switched to a new branch 'development-adli'
rahadian@rahadian-X456UR:~/rumus-matematika$ git branch
  development
* development-adli
  main
rahadian@rahadian-X456UR:~/rumus-matematika$ git add .
rahadian@rahadian-X456UR:~/rumus-matematika$ git commit 'Update Sort Javascript'
error: pathspec 'Update Sort Javascript' did not match any file(s) known to git
rahadian@rahadian-X456UR:~/rumus-matematika$ git commit -m 'Update Sort Javascript'
[development-adli 8289cc1] Update Sort Javascript
 2 files changed, 10 insertions(+), 1 deletion(-)
rahadian@rahadian-X456UR:~/rumus-matematika$ git pull upstream main
remote: Enumerating objects: 5, done.
remote: Counting objects: 100% (5/5), done.
remote: Compressing objects: 100% (2/2), done.
remote: Total 3 (delta 1), reused 3 (delta 1), pack-reused 0
Unpacking objects: 100% (3/3), 372 bytes | 372.00 KiB/s, done.
From https://github.com/zaentaqin/rumus-matematika
 * branch            main       -> FETCH_HEAD
   d5a28ba..2e564d5  main       -> upstream/main
Auto-merging main.js
CONFLICT (content): Merge conflict in main.js
Automatic merge failed; fix conflicts and then commit the result.
rahadian@rahadian-X456UR:~/rumus-matematika$ git push origin main
Enumerating objects: 78, done.
Counting objects: 100% (78/78), done.
Delta compression using up to 4 threads
Compressing objects: 100% (69/69), done.
Writing objects: 100% (70/70), 10.39 KiB | 818.00 KiB/s, done.
Total 70 (delta 21), reused 0 (delta 0)
remote: Resolving deltas: 100% (21/21), completed with 1 local object.
To github.com:novicefrontendev/rumus-matematika.git
   662fa5f..d5a28ba  main -> main
rahadian@rahadian-X456UR:~/rumus-matematika$ git status
On branch development-adli
All conflicts fixed but you are still merging.
  (use "git commit" to conclude merge)

Changes to be committed:
        modified:   main.js

rahadian@rahadian-X456UR:~/rumus-matematika$ git commit -m 'Update Sort Javascript'
[development-adli adf26d5] Update Sort Javascript
rahadian@rahadian-X456UR:~/rumus-matematika$ git status
On branch development-adli
nothing to commit, working tree clean
rahadian@rahadian-X456UR:~/rumus-matematika$ git push origin development-adli
Enumerating objects: 13, done.
Counting objects: 100% (13/13), done.
Delta compression using up to 4 threads
Compressing objects: 100% (10/10), done.
Writing objects: 100% (10/10), 1.10 KiB | 1.10 MiB/s, done.
Total 10 (delta 5), reused 0 (delta 0)
remote: Resolving deltas: 100% (5/5), completed with 2 local objects.
remote: 
remote: Create a pull request for 'development-adli' on GitHub by visiting:
remote:      https://github.com/novicefrontendev/rumus-matematika/pull/new/development-adli
remote: 
To github.com:novicefrontendev/rumus-matematika.git
 * [new branch]      development-adli -> development-adli
rahadian@rahadian-X456UR:~/rumus-matematika$ git pull upstream main
remote: Enumerating objects: 7, done.
remote: Counting objects: 100% (2/2), done.
remote: Total 7 (delta 2), reused 2 (delta 2), pack-reused 5
Unpacking objects: 100% (7/7), 1.50 KiB | 139.00 KiB/s, done.
From https://github.com/zaentaqin/rumus-matematika
 * branch            main       -> FETCH_HEAD
   2e564d5..58f4799  main       -> upstream/main
Auto-merging main.js
Merge made by the 'recursive' strategy.
 main.js | 28 ++++++++++++++++++++++------
 1 file changed, 22 insertions(+), 6 deletions(-)
rahadian@rahadian-X456UR:~/rumus-matematika$ git status
On branch development-adli
nothing to commit, working tree clean
rahadian@rahadian-X456UR:~/rumus-matematika$ git push origin development-adli
Enumerating objects: 7, done.
Counting objects: 100% (7/7), done.
Delta compression using up to 4 threads
Compressing objects: 100% (3/3), done.
Writing objects: 100% (3/3), 507 bytes | 507.00 KiB/s, done.
Total 3 (delta 2), reused 0 (delta 0)
remote: Resolving deltas: 100% (2/2), completed with 2 local objects.
To github.com:novicefrontendev/rumus-matematika.git
   adf26d5..79796e4  development-adli -> development-adli
rahadian@rahadian-X456UR:~/rumus-matematika$ 